******************************************************************************
            TI ARM Clang Linker Unix v4.0.4                    
******************************************************************************
>> Linked Fri Apr 17 12:07:45 2026

OUTPUT FILE NAME:   <Simon.out>
ENTRY POINT SYMBOL: "_c_int00_noargs"  address: 00000ab1


MEMORY CONFIGURATION

         name            origin    length      used     unused   attr    fill
----------------------  --------  ---------  --------  --------  ----  --------
  FLASH                 00000000   00020000  00000be8  0001f418  R  X
  SRAM                  20200000   00008000  00000217  00007de9  RW X
  BCR_CONFIG            41c00000   00000080  00000000  00000080  R   
  BSL_CONFIG            41c00100   00000080  00000000  00000080  R   


SEGMENT ALLOCATION MAP

run origin  load origin   length   init length attrs members
----------  ----------- ---------- ----------- ----- -------
00000000    00000000    00000be8   00000be8    r-x
  00000000    00000000    000000c0   000000c0    r-- .intvecs
  000000c0    000000c0    00000ad8   00000ad8    r-x .text
  00000b98    00000b98    00000020   00000020    r-- .rodata
  00000bb8    00000bb8    00000030   00000030    r-- .cinit
20200000    20200000    00000018   00000000    rw-
  20200000    20200000    00000013   00000000    rw- .bss
  20200014    20200014    00000004   00000000    rw- .data
20207e00    20207e00    00000200   00000000    rw-
  20207e00    20207e00    00000200   00000000    rw- .stack


SECTION ALLOCATION MAP

 output                                  attributes/
section   page    origin      length       input sections
--------  ----  ----------  ----------   ----------------
.intvecs   0    00000000    000000c0     
                  00000000    000000c0     startup_mspm0g350x_ticlang.o (.intvecs)

.text      0    000000c0    00000ad8     
                  000000c0    00000198     drone_control.o (.text.DroneUpdate)
                  00000258    00000184     accelerometer.o (.text.TryWhoAmIWithCurrentCSMode)
                  000003dc    00000138     accelerometer.o (.text.InitializeAccelerometer)
                  00000514    000000a8     accelerometer.o (.text.ReadRegisters)
                  000005bc    00000098     accelerometer.o (.text.AccelerometerReadSample)
                  00000654    00000084     leds.o (.text.InitializeLEDInterface)
                  000006d8    00000080     accelerometer.o (.text.WriteRegister)
                  00000758    0000007c     libc.a : copy_decompress_lzss.c.obj (.text:decompress:lzss)
                  000007d4    00000064     leds.o (.text.SPI0_IRQHandler)
                  00000838    00000058     simon.o (.text.main)
                  00000890    00000056     libclang_rt.builtins.a : aeabi_idivmod.S.obj (.text.__aeabi_idivmod)
                  000008e6    00000002     startup_mspm0g350x_ticlang.o (.text.Default_Handler)
                  000008e8    00000050     timing.o (.text.InitializeTimerG0)
                  00000938    00000050     leds.o (.text.SendSPIMessage)
                  00000988    00000042     colors.o (.text.BuildDroneFrame)
                  000009ca    00000002     libclang_rt.builtins.a : aeabi_div0.c.obj (.text.__aeabi_idiv0)
                  000009cc    00000040     buttons.o (.text.InitializeButtonGPIO)
                  00000a0c    0000003c     libc.a : autoinit.c.obj (.text:__TI_auto_init_nobinit_nopinit)
                  00000a48    00000034     colors.o (.text.BuildUniformFrame)
                  00000a7c    00000034     drone_control.o (.text.DroneInitialize)
                  00000ab0    00000028     libc.a : boot_cortex_m.c.obj (.text:_c_int00_noargs)
                  00000ad8    0000001c     timing.o (.text.EnableTimerG0)
                  00000af4    00000018     timing.o (.text.TIMG0_IRQHandler)
                  00000b0c    00000016     libc.a : copy_zero_init.c.obj (.text:decompress:ZI:__TI_zero_init_nomemset)
                  00000b22    00000012            : memcpy16.S.obj (.text:TI_memcpy_small)
                  00000b34    00000012            : copy_decompress_none.c.obj (.text:decompress:none)
                  00000b46    00000002     --HOLE-- [fill = 0]
                  00000b48    0000000c     accelerometer.o (.text.AccelerometerAvailable)
                  00000b54    0000000c     accelerometer.o (.text.AccelerometerGetDebugStatus)
                  00000b60    0000000c     timing.o (.text.SetTimerG0Delay)
                  00000b6c    0000000a     delay.o (.text.delay_cycles)
                  00000b76    00000002     --HOLE-- [fill = 0]
                  00000b78    00000008     libclang_rt.builtins.a : aeabi_memcpy.S.obj (.text.__aeabi_memcpy)
                  00000b80    00000006     libc.a : exit.c.obj (.text:abort)
                  00000b86    00000004     libsysbm.a : hostexit.c.obj (.text.HOSTexit)
                  00000b8a    00000004     startup_mspm0g350x_ticlang.o (.text.Reset_Handler)
                  00000b8e    00000004     libc.a : pre_init.c.obj (.text._system_pre_init)
                  00000b92    00000006     --HOLE-- [fill = 0]

.cinit     0    00000bb8    00000030     
                  00000bb8    0000000c     (__TI_handler_table)
                  00000bc4    00000008     (.cinit..bss.load) [load image, compression = zero_init]
                  00000bcc    00000008     (.cinit..data.load) [load image, compression = lzss]
                  00000bd4    00000010     (__TI_cinit_table)
                  00000be4    00000004     --HOLE-- [fill = 0]

.rodata    0    00000b98    00000020     
                  00000b98    00000018     colors.o (.rodata.leds_off)
                  00000bb0    00000008     drone_control.o (.rodata.cst4)

.init_array 
*          0    00000000    00000000     UNINITIALIZED

.binit     0    00000000    00000000     

.bss       0    20200000    00000013     UNINITIALIZED
                  20200000    00000004     (.common:spi_message)
                  20200004    00000004     (.common:spi_message_idx)
                  20200008    00000004     (.common:spi_message_len)
                  2020000c    00000001     accelerometer.o (.bss.g_accel_available)
                  2020000d    00000001     accelerometer.o (.bss.g_accel_debug_status)
                  2020000e    00000001     accelerometer.o (.bss.g_last_who_am_i)
                  2020000f    00000001     accelerometer.o (.bss.g_manual_cs_mode)
                  20200010    00000001     (.common:spi_transmission_in_progress)
                  20200011    00000001     (.common:spi_wakeup)
                  20200012    00000001     (.common:timer_wakeup)

.data      0    20200014    00000004     UNINITIALIZED
                  20200014    00000004     simon.o (.data.spi_frame_words)

.stack     0    20207e00    00000200     UNINITIALIZED
                  20207e00    00000004     libc.a : boot_cortex_m.c.obj (.stack)
                  20207e04    000001fc     --HOLE--

__llvm_prf_cnts 
*          0    20200000    00000000     UNINITIALIZED

__llvm_prf_bits 
*          0    20200000    00000000     UNINITIALIZED

MODULE SUMMARY

       Module                         code   ro data   rw data
       ------                         ----   -------   -------
    ./
       accelerometer.o                1172   0         4      
       drone_control.o                460    8         0      
       leds.o                         312    0         14     
       startup_mspm0g350x_ticlang.o   6      192       0      
       timing.o                       144    0         1      
       colors.o                       118    24        0      
       simon.o                        88     0         4      
       buttons.o                      64     0         0      
       delay.o                        10     0         0      
    +--+------------------------------+------+---------+---------+
       Total:                         2374   224       23     
                                                              
    /Applications/ti/ccs2040/ccs/tools/compiler/ti-cgt-armllvm_4.0.4.LTS/lib/armv6m-ti-none-eabi/c/libc.a
       copy_decompress_lzss.c.obj     124    0         0      
       autoinit.c.obj                 60     0         0      
       boot_cortex_m.c.obj            40     0         0      
       copy_zero_init.c.obj           22     0         0      
       copy_decompress_none.c.obj     18     0         0      
       memcpy16.S.obj                 18     0         0      
       exit.c.obj                     6      0         0      
       pre_init.c.obj                 4      0         0      
    +--+------------------------------+------+---------+---------+
       Total:                         292    0         0      
                                                              
    /Applications/ti/ccs2040/ccs/tools/compiler/ti-cgt-armllvm_4.0.4.LTS/lib/armv6m-ti-none-eabi/c/libsysbm.a
       hostexit.c.obj                 4      0         0      
    +--+------------------------------+------+---------+---------+
       Total:                         4      0         0      
                                                              
    /Applications/ti/ccs2040/ccs/tools/compiler/ti-cgt-armllvm_4.0.4.LTS/lib/armv6m-ti-none-eabi/libclang_rt.builtins.a
       aeabi_idivmod.S.obj            86     0         0      
       aeabi_memcpy.S.obj             8      0         0      
       aeabi_div0.c.obj               2      0         0      
    +--+------------------------------+------+---------+---------+
       Total:                         96     0         0      
                                                              
       Stack:                         0      0         512    
       Linker Generated:              0      44        0      
    +--+------------------------------+------+---------+---------+
       Grand Total:                   2766   268       535    


LINKER GENERATED COPY TABLES

__TI_cinit_table @ 00000bd4 records: 2, size/record: 8, table size: 16
	.bss: load addr=00000bc4, load size=00000008 bytes, run addr=20200000, run size=00000013 bytes, compression=zero_init
	.data: load addr=00000bcc, load size=00000008 bytes, run addr=20200014, run size=00000004 bytes, compression=lzss


LINKER GENERATED HANDLER TABLE

__TI_handler_table @ 00000bb8 records: 3, size/record: 4, table size: 12
	index: 0, handler: __TI_decompress_lzss
	index: 1, handler: __TI_decompress_none
	index: 2, handler: __TI_zero_init


GLOBAL SYMBOLS: SORTED ALPHABETICALLY BY Name 

address   name                          
-------   ----                          
000008e7  ADC0_IRQHandler               
000008e7  ADC1_IRQHandler               
000008e7  AES_IRQHandler                
00000b49  AccelerometerAvailable        
00000b55  AccelerometerGetDebugStatus   
000005bd  AccelerometerReadSample       
00000989  BuildDroneFrame               
00000a49  BuildUniformFrame             
00000b86  C$$EXIT                       
000008e7  CANFD0_IRQHandler             
000008e7  DAC0_IRQHandler               
000008e7  DMA_IRQHandler                
000008e7  Default_Handler               
00000a7d  DroneInitialize               
000000c1  DroneUpdate                   
00000ad9  EnableTimerG0                 
000008e7  GROUP0_IRQHandler             
000008e7  GROUP1_IRQHandler             
00000b87  HOSTexit                      
000008e7  HardFault_Handler             
000008e7  I2C0_IRQHandler               
000008e7  I2C1_IRQHandler               
000003dd  InitializeAccelerometer       
000009cd  InitializeButtonGPIO          
00000655  InitializeLEDInterface        
000008e9  InitializeTimerG0             
000008e7  NMI_Handler                   
000008e7  PendSV_Handler                
000008e7  RTC_IRQHandler                
00000b8b  Reset_Handler                 
000007d5  SPI0_IRQHandler               
000008e7  SPI1_IRQHandler               
000008e7  SVC_Handler                   
00000939  SendSPIMessage                
00000b61  SetTimerG0Delay               
000008e7  SysTick_Handler               
000008e7  TIMA0_IRQHandler              
000008e7  TIMA1_IRQHandler              
00000af5  TIMG0_IRQHandler              
000008e7  TIMG12_IRQHandler             
000008e7  TIMG6_IRQHandler              
000008e7  TIMG7_IRQHandler              
000008e7  TIMG8_IRQHandler              
00000b23  TI_memcpy_small               
000008e7  UART0_IRQHandler              
000008e7  UART1_IRQHandler              
000008e7  UART2_IRQHandler              
000008e7  UART3_IRQHandler              
20208000  __STACK_END                   
00000200  __STACK_SIZE                  
00000000  __TI_ATRegion0_region_sz      
00000000  __TI_ATRegion0_src_addr       
00000000  __TI_ATRegion0_trg_addr       
00000000  __TI_ATRegion1_region_sz      
00000000  __TI_ATRegion1_src_addr       
00000000  __TI_ATRegion1_trg_addr       
00000000  __TI_ATRegion2_region_sz      
00000000  __TI_ATRegion2_src_addr       
00000000  __TI_ATRegion2_trg_addr       
00000bd4  __TI_CINIT_Base               
00000be4  __TI_CINIT_Limit              
00000be4  __TI_CINIT_Warm               
00000bb8  __TI_Handler_Table_Base       
00000bc4  __TI_Handler_Table_Limit      
00000a0d  __TI_auto_init_nobinit_nopinit
00000759  __TI_decompress_lzss          
00000b35  __TI_decompress_none          
ffffffff  __TI_pprof_out_hndl           
ffffffff  __TI_prof_data_size           
ffffffff  __TI_prof_data_start          
00000000  __TI_static_base__            
00000b0d  __TI_zero_init_nomemset       
00000891  __aeabi_idiv                  
000009cb  __aeabi_idiv0                 
00000891  __aeabi_idivmod               
00000b79  __aeabi_memcpy                
00000b79  __aeabi_memcpy4               
00000b79  __aeabi_memcpy8               
ffffffff  __binit__                     
UNDEFED   __mpu_init                    
20207e00  __stack                       
20200000  __start___llvm_prf_bits       
20200000  __start___llvm_prf_cnts       
20200000  __stop___llvm_prf_bits        
20200000  __stop___llvm_prf_cnts        
00000ab1  _c_int00_noargs               
UNDEFED   _system_post_cinit            
00000b8f  _system_pre_init              
00000b81  abort                         
ffffffff  binit                         
00000b6d  delay_cycles                  
00000000  interruptVectors              
00000b98  leds_off                      
00000839  main                          
20200014  spi_frame_words               
20200000  spi_message                   
20200004  spi_message_idx               
20200008  spi_message_len               
20200010  spi_transmission_in_progress  
20200011  spi_wakeup                    
20200012  timer_wakeup                  


GLOBAL SYMBOLS: SORTED BY Symbol Address 

address   name                          
-------   ----                          
00000000  __TI_ATRegion0_region_sz      
00000000  __TI_ATRegion0_src_addr       
00000000  __TI_ATRegion0_trg_addr       
00000000  __TI_ATRegion1_region_sz      
00000000  __TI_ATRegion1_src_addr       
00000000  __TI_ATRegion1_trg_addr       
00000000  __TI_ATRegion2_region_sz      
00000000  __TI_ATRegion2_src_addr       
00000000  __TI_ATRegion2_trg_addr       
00000000  __TI_static_base__            
00000000  interruptVectors              
000000c1  DroneUpdate                   
00000200  __STACK_SIZE                  
000003dd  InitializeAccelerometer       
000005bd  AccelerometerReadSample       
00000655  InitializeLEDInterface        
00000759  __TI_decompress_lzss          
000007d5  SPI0_IRQHandler               
00000839  main                          
00000891  __aeabi_idiv                  
00000891  __aeabi_idivmod               
000008e7  ADC0_IRQHandler               
000008e7  ADC1_IRQHandler               
000008e7  AES_IRQHandler                
000008e7  CANFD0_IRQHandler             
000008e7  DAC0_IRQHandler               
000008e7  DMA_IRQHandler                
000008e7  Default_Handler               
000008e7  GROUP0_IRQHandler             
000008e7  GROUP1_IRQHandler             
000008e7  HardFault_Handler             
000008e7  I2C0_IRQHandler               
000008e7  I2C1_IRQHandler               
000008e7  NMI_Handler                   
000008e7  PendSV_Handler                
000008e7  RTC_IRQHandler                
000008e7  SPI1_IRQHandler               
000008e7  SVC_Handler                   
000008e7  SysTick_Handler               
000008e7  TIMA0_IRQHandler              
000008e7  TIMA1_IRQHandler              
000008e7  TIMG12_IRQHandler             
000008e7  TIMG6_IRQHandler              
000008e7  TIMG7_IRQHandler              
000008e7  TIMG8_IRQHandler              
000008e7  UART0_IRQHandler              
000008e7  UART1_IRQHandler              
000008e7  UART2_IRQHandler              
000008e7  UART3_IRQHandler              
000008e9  InitializeTimerG0             
00000939  SendSPIMessage                
00000989  BuildDroneFrame               
000009cb  __aeabi_idiv0                 
000009cd  InitializeButtonGPIO          
00000a0d  __TI_auto_init_nobinit_nopinit
00000a49  BuildUniformFrame             
00000a7d  DroneInitialize               
00000ab1  _c_int00_noargs               
00000ad9  EnableTimerG0                 
00000af5  TIMG0_IRQHandler              
00000b0d  __TI_zero_init_nomemset       
00000b23  TI_memcpy_small               
00000b35  __TI_decompress_none          
00000b49  AccelerometerAvailable        
00000b55  AccelerometerGetDebugStatus   
00000b61  SetTimerG0Delay               
00000b6d  delay_cycles                  
00000b79  __aeabi_memcpy                
00000b79  __aeabi_memcpy4               
00000b79  __aeabi_memcpy8               
00000b81  abort                         
00000b86  C$$EXIT                       
00000b87  HOSTexit                      
00000b8b  Reset_Handler                 
00000b8f  _system_pre_init              
00000b98  leds_off                      
00000bb8  __TI_Handler_Table_Base       
00000bc4  __TI_Handler_Table_Limit      
00000bd4  __TI_CINIT_Base               
00000be4  __TI_CINIT_Limit              
00000be4  __TI_CINIT_Warm               
20200000  __start___llvm_prf_bits       
20200000  __start___llvm_prf_cnts       
20200000  __stop___llvm_prf_bits        
20200000  __stop___llvm_prf_cnts        
20200000  spi_message                   
20200004  spi_message_idx               
20200008  spi_message_len               
20200010  spi_transmission_in_progress  
20200011  spi_wakeup                    
20200012  timer_wakeup                  
20200014  spi_frame_words               
20207e00  __stack                       
20208000  __STACK_END                   
ffffffff  __TI_pprof_out_hndl           
ffffffff  __TI_prof_data_size           
ffffffff  __TI_prof_data_start          
ffffffff  __binit__                     
ffffffff  binit                         
UNDEFED   __mpu_init                    
UNDEFED   _system_post_cinit            

[101 symbols]
